ProgramNode [1:0 - 4:0] ???
  FunctionDeclarationNode main [1:0 - 3:0] ???
     ->  TypeNode [1:15 - 1:15] 'u32' ???
    CompoundStatementNode [1:19 - 3:0] ???
      JumpStatementNode return [2:4 - 2:13] 'return~0;' ???
        UnaryExpressionNode ~ [2:11 - 2:12] '~0' ???
          IntegerLiteralExpressionNode 0 [2:12 - 2:12] ???

