ProgramNode [1:0 - 4:0] void
  FunctionDeclarationNode main [1:0 - 3:0] () -> u32
     ->  TypeNode [1:15 - 1:15] 'u32' u32
    CompoundStatementNode [1:19 - 3:0] void
      JumpStatementNode return [2:4 - 2:35] 'return((2ass32)--1)asu32;' void
        CastExpressionNode [2:11 - 2:32] '((2ass32)--1)asu32' u32
          BinaryExpressionNode - [2:12 - 2:26] '(2ass32)--1' s32
            CastExpressionNode [2:13 - 2:18] '2ass32' s32
              IntegerLiteralExpressionNode 2 [2:13 - 2:13] u32
              TypeNode [2:18 - 2:18] 's32' s32
            UnaryExpressionNode - [2:25 - 2:26] '-1' s32
              IntegerLiteralExpressionNode 1 [2:26 - 2:26] u32
          TypeNode [2:32 - 2:32] 'u32' u32

