ProgramNode [1:0 - 4:0] ???
  FunctionDeclarationNode main [1:0 - 3:0] ???
     ->  TypeNode [1:15 - 1:15] 'u32' ???
    CompoundStatementNode [1:19 - 3:0] ???
      JumpStatementNode return [2:4 - 2:20] 'return2+3*4;' ???
        BinaryExpressionNode + [2:11 - 2:19] '2+3*4' ???
          IntegerLiteralExpressionNode 2 [2:11 - 2:11] ???
          BinaryExpressionNode * [2:15 - 2:19] '3*4' ???
            IntegerLiteralExpressionNode 3 [2:15 - 2:15] ???
            IntegerLiteralExpressionNode 4 [2:19 - 2:19] ???

