ProgramNode [1:0 - 4:0] ???
  FunctionDeclarationNode main [1:0 - 3:0] ???
     ->  TypeNode [1:15 - 1:15] 'u32' ???
    CompoundStatementNode [1:19 - 3:0] ???
      JumpStatementNode return [2:4 - 2:16] 'return1-2;' ???
        BinaryExpressionNode - [2:11 - 2:15] '1-2' ???
          IntegerLiteralExpressionNode 1 [2:11 - 2:11] ???
          IntegerLiteralExpressionNode 2 [2:15 - 2:15] ???

