ProgramNode [1:0 - 4:0] ???
  FunctionDeclarationNode main [1:0 - 3:0] ???
     ->  TypeNode [1:15 - 1:15] 'u32' ???
    CompoundStatementNode [1:19 - 3:0] ???
      JumpStatementNode return [2:4 - 2:22] 'return2*(3+4);' ???
        BinaryExpressionNode * [2:11 - 2:21] '2*(3+4)' ???
          IntegerLiteralExpressionNode 2 [2:11 - 2:11] ???
          BinaryExpressionNode + [2:16 - 2:20] '3+4' ???
            IntegerLiteralExpressionNode 3 [2:16 - 2:16] ???
            IntegerLiteralExpressionNode 4 [2:20 - 2:20] ???

