ProgramNode [1:0 - 4:0] ???
  FunctionDeclarationNode main [1:0 - 3:0] ???
     ->  TypeNode [1:15 - 1:15] 'u32' ???
    CompoundStatementNode [1:19 - 3:0] ???
      JumpStatementNode return [2:4 - 2:34] 'return(1ass32<=-1)asu32;' ???
        CastExpressionNode [2:11 - 2:31] '(1ass32<=-1)asu32' ???
          BinaryExpressionNode <= [2:12 - 2:25] '1ass32<=-1' ???
            CastExpressionNode [2:12 - 2:17] '1ass32' ???
              IntegerLiteralExpressionNode 1 [2:12 - 2:12] ???
              TypeNode [2:17 - 2:17] 's32' ???
            UnaryExpressionNode - [2:24 - 2:25] '-1' ???
              IntegerLiteralExpressionNode 1 [2:25 - 2:25] ???
          TypeNode [2:31 - 2:31] 'u32' ???

