ProgramNode [1:0 - 4:0] ???
  FunctionDeclarationNode main [1:0 - 3:0] ???
     ->  TypeNode [1:15 - 1:15] 'u32' ???
    CompoundStatementNode [1:19 - 3:0] ???
      JumpStatementNode return [2:4 - 2:25] 'return(2<1)asu32;' ???
        CastExpressionNode [2:11 - 2:22] '(2<1)asu32' ???
          BinaryExpressionNode < [2:12 - 2:16] '2<1' ???
            IntegerLiteralExpressionNode 2 [2:12 - 2:12] ???
            IntegerLiteralExpressionNode 1 [2:16 - 2:16] ???
          TypeNode [2:22 - 2:22] 'u32' ???

