ProgramNode [2:0 - 8:0] ???
  FunctionDeclarationNode main [2:0 - 7:0] ???
     ->  TypeNode [2:15 - 2:15] 'u32' ???
    CompoundStatementNode [2:19 - 7:0] ???
      ExpressionStatementNode [3:4 - 3:22] 'leta:bool=true;' ???
        AssignmentExpressionNode [3:4 - 3:18] 'leta:bool=true' ???
          LetExpressionNode a [3:4 - 3:11] 'leta:bool' ???
            TypeNode [3:11 - 3:11] 'bool' ???
          BooleanLiteralExpressionNode true
      ExpressionStatementNode [4:4 - 4:23] 'letb:bool=false;' ???
        AssignmentExpressionNode [4:4 - 4:18] 'letb:bool=false' ???
          LetExpressionNode b [4:4 - 4:11] 'letb:bool' ???
            TypeNode [4:11 - 4:11] 'bool' ???
          BooleanLiteralExpressionNode false
      ExpressionStatementNode [5:4 - 5:19] 'a||(b=true);' ???
        BinaryExpressionNode || [5:4 - 5:18] 'a||(b=true)' ???
          IdentifierExpressionNode a [5:4 - 5:4] 'a' ???
          AssignmentExpressionNode [5:10 - 5:14] 'b=true' ???
            IdentifierExpressionNode b [5:10 - 5:10] 'b' ???
            BooleanLiteralExpressionNode true
      JumpStatementNode return [6:4 - 6:19] 'returnbasu32;' ???
        CastExpressionNode [6:11 - 6:16] 'basu32' ???
          IdentifierExpressionNode b [6:11 - 6:11] 'b' ???
          TypeNode [6:16 - 6:16] 'u32' ???

