ProgramNode [1:0 - 4:0] ???
  FunctionDeclarationNode main [1:0 - 3:0] ???
     ->  TypeNode [1:15 - 1:15] 'u32' ???
    CompoundStatementNode [1:19 - 3:0] ???
      JumpStatementNode return [2:4 - 2:26] 'return(0!=0)asu32;' ???
        CastExpressionNode [2:11 - 2:23] '(0!=0)asu32' ???
          BinaryExpressionNode != [2:12 - 2:17] '0!=0' ???
            IntegerLiteralExpressionNode 0 [2:12 - 2:12] ???
            IntegerLiteralExpressionNode 0 [2:17 - 2:17] ???
          TypeNode [2:23 - 2:23] 'u32' ???

