ProgramNode [1:0 - 4:0] ???
  FunctionDeclarationNode main [1:0 - 3:0] ???
     ->  TypeNode [1:15 - 1:15] 'u32' ???
    CompoundStatementNode [1:19 - 3:0] ???
      JumpStatementNode return [2:4 - 2:28] 'return(-1!=-2)asu32;' ???
        CastExpressionNode [2:11 - 2:25] '(-1!=-2)asu32' ???
          BinaryExpressionNode != [2:12 - 2:19] '-1!=-2' ???
            UnaryExpressionNode - [2:12 - 2:13] '-1' ???
              IntegerLiteralExpressionNode 1 [2:13 - 2:13] ???
            UnaryExpressionNode - [2:18 - 2:19] '-2' ???
              IntegerLiteralExpressionNode 2 [2:19 - 2:19] ???
          TypeNode [2:25 - 2:25] 'u32' ???

