ProgramNode [1:0 - 4:0] ???
  FunctionDeclarationNode main [1:0 - 3:0] ???
     ->  TypeNode [1:15 - 1:15] 'u32' ???
    CompoundStatementNode [1:19 - 3:0] ???
      JumpStatementNode return [2:4 - 2:33] 'return(true&&false)asu32;' ???
        CastExpressionNode [2:11 - 2:30] '(true&&false)asu32' ???
          BinaryExpressionNode && [2:12 - 2:20] 'true&&false' ???
            BooleanLiteralExpressionNode true
            BooleanLiteralExpressionNode false
          TypeNode [2:30 - 2:30] 'u32' ???

