ProgramNode [1:0 - 6:0] ???
  FunctionDeclarationNode main [1:0 - 5:0] ???
     ->  TypeNode [1:15 - 1:15] 'u32' ???
    CompoundStatementNode [1:19 - 5:0] ???
      ExpressionStatementNode [2:4 - 2:14] 'leta:u32;' ???
        LetExpressionNode a [2:4 - 2:11] 'leta:u32' ???
          TypeNode [2:11 - 2:11] 'u32' ???
      ExpressionStatementNode [3:4 - 3:9] 'a=2;' ???
        AssignmentExpressionNode [3:4 - 3:8] 'a=2' ???
          IdentifierExpressionNode a [3:4 - 3:4] 'a' ???
          IntegerLiteralExpressionNode 2 [3:8 - 3:8] ???
      JumpStatementNode return [4:4 - 4:12] 'returna;' ???
        IdentifierExpressionNode a [4:11 - 4:11] 'a' ???

