ProgramNode [2:0 - 6:0] void
  FunctionDeclarationNode main [2:0 - 5:0] () -> u32
     ->  TypeNode [2:15 - 2:15] 'u32' u32
    CompoundStatementNode [2:19 - 5:0] void
      ExpressionStatementNode [3:4 - 3:9] '2+2;' void
        BinaryExpressionNode + [3:4 - 3:8] '2+2' u32
          IntegerLiteralExpressionNode 2 [3:4 - 3:4] u32
          IntegerLiteralExpressionNode 2 [3:8 - 3:8] u32
      JumpStatementNode return [4:4 - 4:12] 'return0;' void
        IntegerLiteralExpressionNode 0 [4:11 - 4:11] u32

