ProgramNode [1:0 - 5:0] void
  FunctionDeclarationNode main [1:0 - 4:0] () -> u32
     ->  TypeNode [1:15 - 1:15] 'u32' u32
    CompoundStatementNode [1:19 - 4:0] void
      ExpressionStatementNode [2:4 - 2:18] 'leta:u32=2;' void
        AssignmentExpressionNode [2:4 - 2:17] 'leta:u32=2' u32
          LetExpressionNode a [2:4 - 2:11] 'leta:u32' u32
            TypeNode [2:11 - 2:11] 'u32' u32
          IntegerLiteralExpressionNode 2 [2:17 - 2:17] u32
      JumpStatementNode return [3:4 - 3:12] 'returna;' void
        IdentifierExpressionNode a [3:11 - 3:11] 'a' u32

