ProgramNode [1:0 - 6:0] void
  FunctionDeclarationNode main [1:0 - 5:0] () -> u32
     ->  TypeNode [1:15 - 1:15] 'u32' u32
    CompoundStatementNode [1:19 - 5:0] void
      ExpressionStatementNode [2:4 - 2:18] 'leta:u32=1;' void
        AssignmentExpressionNode [2:4 - 2:17] 'leta:u32=1' u32
          LetExpressionNode a [2:4 - 2:11] 'leta:u32' u32
            TypeNode [2:11 - 2:11] 'u32' u32
          IntegerLiteralExpressionNode 1 [2:17 - 2:17] u32
      ExpressionStatementNode [3:4 - 3:18] 'letb:u32=2;' void
        AssignmentExpressionNode [3:4 - 3:17] 'letb:u32=2' u32
          LetExpressionNode b [3:4 - 3:11] 'letb:u32' u32
            TypeNode [3:11 - 3:11] 'u32' u32
          IntegerLiteralExpressionNode 2 [3:17 - 3:17] u32
      JumpStatementNode return [4:4 - 4:16] 'returna+b;' void
        BinaryExpressionNode + [4:11 - 4:15] 'a+b' u32
          IdentifierExpressionNode a [4:11 - 4:11] 'a' u32
          IdentifierExpressionNode b [4:15 - 4:15] 'b' u32

