ProgramNode [1:0 - 9:0] void
  FunctionDeclarationNode main [1:0 - 8:0] () -> u32
     ->  TypeNode [1:15 - 1:15] 'u32' u32
    CompoundStatementNode [1:19 - 8:0] void
      ExpressionStatementNode [2:4 - 2:18] 'leta:u32=0;' void
        AssignmentExpressionNode [2:4 - 2:17] 'leta:u32=0' u32
          LetExpressionNode a [2:4 - 2:11] 'leta:u32' u32
            TypeNode [2:11 - 2:11] 'u32' u32
          IntegerLiteralExpressionNode 0 [2:17 - 2:17] u32
      SelectionStatementNode [3:4 - 7:4] 'ifa==0{return1;}else{return2;}' void
        BinaryExpressionNode == [3:7 - 3:12] 'a==0' bool
          IdentifierExpressionNode a [3:7 - 3:7] 'a' u32
          IntegerLiteralExpressionNode 0 [3:12 - 3:12] u32
        CompoundStatementNode [3:14 - 5:4] void
          JumpStatementNode return [4:8 - 4:16] 'return1;' void
            IntegerLiteralExpressionNode 1 [4:15 - 4:15] u32
        CompoundStatementNode [5:11 - 7:4] void
          JumpStatementNode return [6:8 - 6:16] 'return2;' void
            IntegerLiteralExpressionNode 2 [6:15 - 6:15] u32

