ProgramNode [1:0 - 11:0] void
  FunctionDeclarationNode main [1:0 - 10:0] () -> u32
     ->  TypeNode [1:15 - 1:15] 'u32' u32
    CompoundStatementNode [1:19 - 10:0] void
      ExpressionStatementNode [2:4 - 2:18] 'leta:u32=1;' void
        AssignmentExpressionNode [2:4 - 2:17] 'leta:u32=1' u32
          LetExpressionNode a [2:4 - 2:11] 'leta:u32' u32
            TypeNode [2:11 - 2:11] 'u32' u32
          IntegerLiteralExpressionNode 1 [2:17 - 2:17] u32
      ExpressionStatementNode [3:4 - 3:18] 'letb:u32=0;' void
        AssignmentExpressionNode [3:4 - 3:17] 'letb:u32=0' u32
          LetExpressionNode b [3:4 - 3:11] 'letb:u32' u32
            TypeNode [3:11 - 3:11] 'u32' u32
          IntegerLiteralExpressionNode 0 [3:17 - 3:17] u32
      SelectionStatementNode [5:4 - 7:4] 'ifa!=0{b=1;}' void
        BinaryExpressionNode != [5:7 - 5:12] 'a!=0' bool
          IdentifierExpressionNode a [5:7 - 5:7] 'a' u32
          IntegerLiteralExpressionNode 0 [5:12 - 5:12] u32
        CompoundStatementNode [5:14 - 7:4] void
          ExpressionStatementNode [6:8 - 6:13] 'b=1;' void
            AssignmentExpressionNode [6:8 - 6:12] 'b=1' u32
              IdentifierExpressionNode b [6:8 - 6:8] 'b' u32
              IntegerLiteralExpressionNode 1 [6:12 - 6:12] u32
      JumpStatementNode return [9:4 - 9:12] 'returnb;' void
        IdentifierExpressionNode b [9:11 - 9:11] 'b' u32

