ProgramNode [1:0 - 6:0] void
  FunctionDeclarationNode main [1:0 - 5:0] () -> u32
     ->  TypeNode [1:15 - 1:15] 'u32' u32
    CompoundStatementNode [1:19 - 5:0] void
      ExpressionStatementNode [2:4 - 2:18] 'leta:u32=0;' void
        AssignmentExpressionNode [2:4 - 2:17] 'leta:u32=0' u32
          LetExpressionNode a [2:4 - 2:11] 'leta:u32' u32
            TypeNode [2:11 - 2:11] 'u32' u32
          IntegerLiteralExpressionNode 0 [2:17 - 2:17] u32
      ExpressionStatementNode [3:4 - 3:20] 'a=true?2:3;' void
        AssignmentExpressionNode [3:4 - 3:19] 'a=true?2:3' u32
          IdentifierExpressionNode a [3:4 - 3:4] 'a' u32
          ConditionalExpressionNode [3:8 - 3:19] 'true?2:3' u32
            BooleanLiteralExpressionNode true
            IntegerLiteralExpressionNode 2 [3:15 - 3:15] u32
            IntegerLiteralExpressionNode 3 [3:19 - 3:19] u32
      JumpStatementNode return [4:4 - 4:12] 'returna;' void
        IdentifierExpressionNode a [4:11 - 4:11] 'a' u32

