ProgramNode [1:0 - 16:0] void
  FunctionDeclarationNode main [1:0 - 15:0] () -> u32
     ->  TypeNode [1:15 - 1:15] 'u32' u32
    CompoundStatementNode [1:19 - 15:0] void
      ExpressionStatementNode [2:4 - 2:18] 'leta:u32=0;' void
        AssignmentExpressionNode [2:4 - 2:17] 'leta:u32=0' u32
          LetExpressionNode a [2:4 - 2:11] 'leta:u32' u32
            TypeNode [2:11 - 2:11] 'u32' u32
          IntegerLiteralExpressionNode 0 [2:17 - 2:17] u32
      SelectionStatementNode [4:4 - 12:4] 'iffalse{iffalse{a=3;}else{a=4;}}else{a=1;}' void
        BooleanLiteralExpressionNode false
        CompoundStatementNode [4:13 - 10:4] void
          SelectionStatementNode [5:8 - 9:8] 'iffalse{a=3;}else{a=4;}' void
            BooleanLiteralExpressionNode false
            CompoundStatementNode [5:17 - 7:8] void
              ExpressionStatementNode [6:12 - 6:17] 'a=3;' void
                AssignmentExpressionNode [6:12 - 6:16] 'a=3' u32
                  IdentifierExpressionNode a [6:12 - 6:12] 'a' u32
                  IntegerLiteralExpressionNode 3 [6:16 - 6:16] u32
            CompoundStatementNode [7:15 - 9:8] void
              ExpressionStatementNode [8:12 - 8:17] 'a=4;' void
                AssignmentExpressionNode [8:12 - 8:16] 'a=4' u32
                  IdentifierExpressionNode a [8:12 - 8:12] 'a' u32
                  IntegerLiteralExpressionNode 4 [8:16 - 8:16] u32
        CompoundStatementNode [10:11 - 12:4] void
          ExpressionStatementNode [11:8 - 11:13] 'a=1;' void
            AssignmentExpressionNode [11:8 - 11:12] 'a=1' u32
              IdentifierExpressionNode a [11:8 - 11:8] 'a' u32
              IntegerLiteralExpressionNode 1 [11:12 - 11:12] u32
      JumpStatementNode return [14:4 - 14:12] 'returna;' void
        IdentifierExpressionNode a [14:11 - 14:11] 'a' u32

