ProgramNode [1:0 - 12:0] void
  FunctionDeclarationNode main [1:0 - 11:0] () -> u32
     ->  TypeNode [1:15 - 1:15] 'u32' u32
    CompoundStatementNode [1:19 - 11:0] void
      ExpressionStatementNode [2:4 - 2:18] 'leta:u32=0;' void
        AssignmentExpressionNode [2:4 - 2:17] 'leta:u32=0' u32
          LetExpressionNode a [2:4 - 2:11] 'leta:u32' u32
            TypeNode [2:11 - 2:11] 'u32' u32
          IntegerLiteralExpressionNode 0 [2:17 - 2:17] u32
      SelectionStatementNode [3:4 - 9:4] 'iftrue{iftrue{a=3;}else{a=4;}}' void
        BooleanLiteralExpressionNode true
        CompoundStatementNode [3:12 - 9:4] void
          SelectionStatementNode [4:8 - 8:8] 'iftrue{a=3;}else{a=4;}' void
            BooleanLiteralExpressionNode true
            CompoundStatementNode [4:16 - 6:8] void
              ExpressionStatementNode [5:12 - 5:17] 'a=3;' void
                AssignmentExpressionNode [5:12 - 5:16] 'a=3' u32
                  IdentifierExpressionNode a [5:12 - 5:12] 'a' u32
                  IntegerLiteralExpressionNode 3 [5:16 - 5:16] u32
            CompoundStatementNode [6:15 - 8:8] void
              ExpressionStatementNode [7:12 - 7:17] 'a=4;' void
                AssignmentExpressionNode [7:12 - 7:16] 'a=4' u32
                  IdentifierExpressionNode a [7:12 - 7:12] 'a' u32
                  IntegerLiteralExpressionNode 4 [7:16 - 7:16] u32
      JumpStatementNode return [10:4 - 10:12] 'returna;' void
        IdentifierExpressionNode a [10:11 - 10:11] 'a' u32

