ProgramNode [1:0 - 9:0] void
  FunctionDeclarationNode main [1:0 - 8:0] () -> u32
     ->  TypeNode [1:15 - 1:15] 'u32' u32
    CompoundStatementNode [1:19 - 8:0] void
      ExpressionStatementNode [2:4 - 2:18] 'leta:u32=2;' void
        AssignmentExpressionNode [2:4 - 2:17] 'leta:u32=2' u32
          LetExpressionNode a [2:4 - 2:11] 'leta:u32' u32
            TypeNode [2:11 - 2:11] 'u32' u32
          IntegerLiteralExpressionNode 2 [2:17 - 2:17] u32
      CompoundStatementNode [3:4 - 6:4] void
        ExpressionStatementNode [4:8 - 4:13] 'a=3;' void
          AssignmentExpressionNode [4:8 - 4:12] 'a=3' u32
            IdentifierExpressionNode a [4:8 - 4:8] 'a' u32
            IntegerLiteralExpressionNode 3 [4:12 - 4:12] u32
        ExpressionStatementNode [5:8 - 5:22] 'leta:u32=0;' void
          AssignmentExpressionNode [5:8 - 5:21] 'leta:u32=0' u32
            LetExpressionNode a [5:8 - 5:15] 'leta:u32' u32
              TypeNode [5:15 - 5:15] 'u32' u32
            IntegerLiteralExpressionNode 0 [5:21 - 5:21] u32
      JumpStatementNode return [7:4 - 7:12] 'returna;' void
        IdentifierExpressionNode a [7:11 - 7:11] 'a' u32

