ProgramNode [1:0 - 9:0] void
  FunctionDeclarationNode main [1:0 - 8:0] () -> u32
     ->  TypeNode [1:15 - 1:15] 'u32' u32
    CompoundStatementNode [1:19 - 8:0] void
      ExpressionStatementNode [2:4 - 2:18] 'leti:u32=0;' void
        AssignmentExpressionNode [2:4 - 2:17] 'leti:u32=0' u32
          LetExpressionNode i [2:4 - 2:11] 'leti:u32' u32
            TypeNode [2:11 - 2:11] 'u32' u32
          IntegerLiteralExpressionNode 0 [2:17 - 2:17] u32
      CompoundStatementNode [3:4 - 5:4] void
        ExpressionStatementNode [4:8 - 4:22] 'leta:u32=2;' void
          AssignmentExpressionNode [4:8 - 4:21] 'leta:u32=2' u32
            LetExpressionNode a [4:8 - 4:15] 'leta:u32' u32
              TypeNode [4:15 - 4:15] 'u32' u32
            IntegerLiteralExpressionNode 2 [4:21 - 4:21] u32
      ExpressionStatementNode [6:4 - 6:18] 'letb:u32=3;' void
        AssignmentExpressionNode [6:4 - 6:17] 'letb:u32=3' u32
          LetExpressionNode b [6:4 - 6:11] 'letb:u32' u32
            TypeNode [6:11 - 6:11] 'u32' u32
          IntegerLiteralExpressionNode 3 [6:17 - 6:17] u32
      JumpStatementNode return [7:4 - 7:12] 'returnb;' void
        IdentifierExpressionNode b [7:11 - 7:11] 'b' u32

