ProgramNode [1:0 - 16:0] void
  FunctionDeclarationNode main [1:0 - 15:0] () -> u32
     ->  TypeNode [1:15 - 1:15] 'u32' u32
    CompoundStatementNode [1:19 - 15:0] void
      ExpressionStatementNode [2:4 - 2:18] 'leta:u32=0;' void
        AssignmentExpressionNode [2:4 - 2:17] 'leta:u32=0' u32
          LetExpressionNode a [2:4 - 2:11] 'leta:u32' u32
            TypeNode [2:11 - 2:11] 'u32' u32
          IntegerLiteralExpressionNode 0 [2:17 - 2:17] u32
      SelectionStatementNode [3:4 - 13:4] 'ifa!=0{letb:u32=2;returnb;}else{letc:u32=3;ifa<c{return4;}else{return5;}}' void
        BinaryExpressionNode != [3:7 - 3:12] 'a!=0' bool
          IdentifierExpressionNode a [3:7 - 3:7] 'a' u32
          IntegerLiteralExpressionNode 0 [3:12 - 3:12] u32
        CompoundStatementNode [3:14 - 6:4] void
          ExpressionStatementNode [4:8 - 4:22] 'letb:u32=2;' void
            AssignmentExpressionNode [4:8 - 4:21] 'letb:u32=2' u32
              LetExpressionNode b [4:8 - 4:15] 'letb:u32' u32
                TypeNode [4:15 - 4:15] 'u32' u32
              IntegerLiteralExpressionNode 2 [4:21 - 4:21] u32
          JumpStatementNode return [5:8 - 5:16] 'returnb;' void
            IdentifierExpressionNode b [5:15 - 5:15] 'b' u32
        CompoundStatementNode [6:11 - 13:4] void
          ExpressionStatementNode [7:8 - 7:22] 'letc:u32=3;' void
            AssignmentExpressionNode [7:8 - 7:21] 'letc:u32=3' u32
              LetExpressionNode c [7:8 - 7:15] 'letc:u32' u32
                TypeNode [7:15 - 7:15] 'u32' u32
              IntegerLiteralExpressionNode 3 [7:21 - 7:21] u32
          SelectionStatementNode [8:8 - 12:8] 'ifa<c{return4;}else{return5;}' void
            BinaryExpressionNode < [8:11 - 8:15] 'a<c' bool
              IdentifierExpressionNode a [8:11 - 8:11] 'a' u32
              IdentifierExpressionNode c [8:15 - 8:15] 'c' u32
            CompoundStatementNode [8:17 - 10:8] void
              JumpStatementNode return [9:12 - 9:20] 'return4;' void
                IntegerLiteralExpressionNode 4 [9:19 - 9:19] u32
            CompoundStatementNode [10:15 - 12:8] void
              JumpStatementNode return [11:12 - 11:20] 'return5;' void
                IntegerLiteralExpressionNode 5 [11:19 - 11:19] u32
      JumpStatementNode return [14:4 - 14:12] 'returna;' void
        IdentifierExpressionNode a [14:11 - 14:11] 'a' u32

