ProgramNode [1:0 - 4:0] ???
  FunctionDeclarationNode main [1:0 - 3:0] ???
     ->  TypeNode [1:15 - 1:15] 'u32' ???
    CompoundStatementNode [1:19 - 3:0] ???
      JumpStatementNode return [2:4 - 2:19] 'return~(1+1);' ???
        UnaryExpressionNode ~ [2:11 - 2:18] '~(1+1)' ???
          BinaryExpressionNode + [2:13 - 2:17] '1+1' ???
            IntegerLiteralExpressionNode 1 [2:13 - 2:13] ???
            IntegerLiteralExpressionNode 1 [2:17 - 2:17] ???

