ProgramNode [2:0 - 3:0] ???
  FunctionDeclarationNode main [2:0 - 2:54] ???
     ->  TypeNode [2:26 - 2:26] 'u32' ???
    CompoundStatementNode [2:33 - 2:54] ???
      JumpStatementNode return [2:35 - 2:51] 'return0;' ???
        IntegerLiteralExpressionNode 0 [2:47 - 2:47] ???

