ProgramNode [1:0 - 4:0] void
  FunctionDeclarationNode main [1:0 - 3:0] () -> u32
     ->  TypeNode [1:15 - 1:15] 'u32' u32
    CompoundStatementNode [1:19 - 3:0] void
      JumpStatementNode return [2:4 - 2:19] 'return~(1+1);' void
        UnaryExpressionNode ~ [2:11 - 2:18] '~(1+1)' u32
          BinaryExpressionNode + [2:13 - 2:17] '1+1' u32
            IntegerLiteralExpressionNode 1 [2:13 - 2:13] u32
            IntegerLiteralExpressionNode 1 [2:17 - 2:17] u32

