ProgramNode [2:0 - 13:0] ???
  FunctionDeclarationNode main [2:0 - 12:0] ???
     ->  TypeNode [7:0 - 7:0] 'u32' ???
    CompoundStatementNode [8:0 - 12:0] ???
      JumpStatementNode return [9:0 - 11:0] 'return0;' ???
        IntegerLiteralExpressionNode 0 [10:0 - 10:0] ???

