ProgramNode [1:0 - 4:0] ???
  FunctionDeclarationNode main [1:0 - 3:0] ???
     ->  TypeNode [1:15 - 1:15] 'u32' ???
    CompoundStatementNode [1:19 - 3:0] ???
      JumpStatementNode return [2:4 - 2:14] 'return!-3;' ???
        UnaryExpressionNode ! [2:11 - 2:13] '!-3' ???
          UnaryExpressionNode - [2:12 - 2:13] '-3' ???
            IntegerLiteralExpressionNode 3 [2:13 - 2:13] ???

