ProgramNode [2:0 - 5:0] ???
  FunctionDeclarationNode main [2:0 - 4:0] ???
     ->  TypeNode [2:15 - 2:15] 'u32' ???
    CompoundStatementNode [2:19 - 4:0] ???
      JumpStatementNode return [3:4 - 3:14] 'return100;' ???
        IntegerLiteralExpressionNode 100 [3:11 - 3:11] ???

