ProgramNode [1:0 - 4:0] void
  FunctionDeclarationNode main [1:0 - 3:0] () -> u32
     ->  TypeNode [1:15 - 1:15] 'u32' u32
    CompoundStatementNode [1:19 - 3:0] void
      JumpStatementNode return [2:4 - 2:13] 'return~0;' void
        UnaryExpressionNode ~ [2:11 - 2:12] '~0' u32
          IntegerLiteralExpressionNode 0 [2:12 - 2:12] u32

