ProgramNode [2:0 - 5:0] void
  FunctionDeclarationNode main [2:0 - 4:0] () -> u32
     ->  TypeNode [2:15 - 2:15] 'u32' u32
    CompoundStatementNode [2:19 - 4:0] void
      JumpStatementNode return [3:4 - 3:12] 'return0;' void
        IntegerLiteralExpressionNode 0 [3:11 - 3:11] u32

